// Jest Snapshot v1, https://goo.gl/fbAQLP

exports[`página inicial a renderização ocorre corretamente 1`] = `
<div>
  <div
    class="card"
  >
    <form
      class="formulario"
    >
      <h1
        class="titulo"
      >
        Vamos começar!
      </h1>
      <fieldset
        class="fieldset"
      >
        <div
          class="container"
        >
          <input
            class="input"
            placeholder="Insira os nomes dos participantes. Pelo menos 3 são necessários para brincar."
            required=""
            type="text"
            value=""
          />
          <button
            class="botao"
            disabled=""
            type="submit"
          >
            Adicionar
          </button>
        </div>
        <input
          class="input"
          placeholder="Defina uma palavra para identificar seu jogo. Ex.: familiasilva123"
          type="text"
          value=""
        />
      </fieldset>
      
    </form>
    <footer
      class="rodape"
    >
      <button
        class="botao"
        disabled=""
      >
        Iniciar brincadeira
      </button>
      <div
        class="imagem"
      />
    </footer>
  </div>
</div>
`;
