// Jest Snapshot v1, https://goo.gl/fbAQLP

exports[`página de sorteio a renderização ocorre corretamente 1`] = `
<div>
  <div
    class="card"
  >
    <section
      class="section"
    >
      <h1
        class="titulo"
      />
      <p
        class="amigo"
        role="alert"
      />
      <button
        class="botao"
      >
        Sortear
      </button>
      <div
        class="imagem"
      />
    </section>
  </div>
</div>
`;
