// Jest Snapshot v1, https://goo.gl/fbAQLP

exports[`página de sorteio a renderização ocorre corretamente 1`] = `
<div>
  <div
    class="card"
  >
    <section
      class="section"
    >
      <h1
        class="titulo"
      >
        Olá, 
        <span />
        . Vamos descobrir seu amigo secreto!
      </h1>
      
      <button
        class="botao"
        disabled=""
      >
        Ver amigo secreto
      </button>
      <div
        class="imagem"
      />
    </section>
  </div>
</div>
`;
